###############################################################################
#
# IAR ELF Linker V8.20.1.14183/W32 for ARM                04/Oct/2025  15:56:18
# Copyright 2007-2017 IAR Systems AB.
#
#    Output file  =  
#        C:\Users\roich\STM32Cube\Repository\STM32Cube_FW_F4_V1.27.1\Projects\STM32F4-Discovery\Templates
#        - Copy\EWARM\STM32F4-Discovery\Exe\Project.out
#    Map file     =  
#        C:\Users\roich\STM32Cube\Repository\STM32Cube_FW_F4_V1.27.1\Projects\STM32F4-Discovery\Templates
#        - Copy\EWARM\STM32F4-Discovery\List\Project.map
#    Command line =  
#        -f C:\Users\roich\AppData\Local\Temp\EW9F54.tmp
#        ("C:\Users\roich\STM32Cube\Repository\STM32Cube_FW_F4_V1.27.1\Projects\STM32F4-Discovery\Templates
#        - Copy\EWARM\STM32F4-Discovery\Obj\cs43l22.o"
#        C:\Users\roich\STM32Cube\Repository\STM32Cube_FW_F4_V1.27.1\Middlewares\ST\STM32_Audio\Addons\PDM\Lib\libPDMFilter_CM4_IAR_wc32.a
#        "C:\Users\roich\STM32Cube\Repository\STM32Cube_FW_F4_V1.27.1\Projects\STM32F4-Discovery\Templates
#        - Copy\EWARM\STM32F4-Discovery\Obj\lis302dl.o"
#        "C:\Users\roich\STM32Cube\Repository\STM32Cube_FW_F4_V1.27.1\Projects\STM32F4-Discovery\Templates
#        - Copy\EWARM\STM32F4-Discovery\Obj\lis3dsh.o"
#        "C:\Users\roich\STM32Cube\Repository\STM32Cube_FW_F4_V1.27.1\Projects\STM32F4-Discovery\Templates
#        - Copy\EWARM\STM32F4-Discovery\Obj\main.o"
#        "C:\Users\roich\STM32Cube\Repository\STM32Cube_FW_F4_V1.27.1\Projects\STM32F4-Discovery\Templates
#        - Copy\EWARM\STM32F4-Discovery\Obj\startup_stm32f407xx.o"
#        "C:\Users\roich\STM32Cube\Repository\STM32Cube_FW_F4_V1.27.1\Projects\STM32F4-Discovery\Templates
#        - Copy\EWARM\STM32F4-Discovery\Obj\stm32f4_discovery.o"
#        "C:\Users\roich\STM32Cube\Repository\STM32Cube_FW_F4_V1.27.1\Projects\STM32F4-Discovery\Templates
#        - Copy\EWARM\STM32F4-Discovery\Obj\stm32f4_discovery_accelerometer.o"
#        "C:\Users\roich\STM32Cube\Repository\STM32Cube_FW_F4_V1.27.1\Projects\STM32F4-Discovery\Templates
#        - Copy\EWARM\STM32F4-Discovery\Obj\stm32f4_discovery_audio.o"
#        "C:\Users\roich\STM32Cube\Repository\STM32Cube_FW_F4_V1.27.1\Projects\STM32F4-Discovery\Templates
#        - Copy\EWARM\STM32F4-Discovery\Obj\stm32f4xx_hal.o"
#        "C:\Users\roich\STM32Cube\Repository\STM32Cube_FW_F4_V1.27.1\Projects\STM32F4-Discovery\Templates
#        - Copy\EWARM\STM32F4-Discovery\Obj\stm32f4xx_hal_adc.o"
#        "C:\Users\roich\STM32Cube\Repository\STM32Cube_FW_F4_V1.27.1\Projects\STM32F4-Discovery\Templates
#        - Copy\EWARM\STM32F4-Discovery\Obj\stm32f4xx_hal_adc_ex.o"
#        "C:\Users\roich\STM32Cube\Repository\STM32Cube_FW_F4_V1.27.1\Projects\STM32F4-Discovery\Templates
#        - Copy\EWARM\STM32F4-Discovery\Obj\stm32f4xx_hal_can.o"
#        "C:\Users\roich\STM32Cube\Repository\STM32Cube_FW_F4_V1.27.1\Projects\STM32F4-Discovery\Templates
#        - Copy\EWARM\STM32F4-Discovery\Obj\stm32f4xx_hal_cortex.o"
#        "C:\Users\roich\STM32Cube\Repository\STM32Cube_FW_F4_V1.27.1\Projects\STM32F4-Discovery\Templates
#        - Copy\EWARM\STM32F4-Discovery\Obj\stm32f4xx_hal_crc.o"
#        "C:\Users\roich\STM32Cube\Repository\STM32Cube_FW_F4_V1.27.1\Projects\STM32F4-Discovery\Templates
#        - Copy\EWARM\STM32F4-Discovery\Obj\stm32f4xx_hal_cryp.o"
#        "C:\Users\roich\STM32Cube\Repository\STM32Cube_FW_F4_V1.27.1\Projects\STM32F4-Discovery\Templates
#        - Copy\EWARM\STM32F4-Discovery\Obj\stm32f4xx_hal_cryp_ex.o"
#        "C:\Users\roich\STM32Cube\Repository\STM32Cube_FW_F4_V1.27.1\Projects\STM32F4-Discovery\Templates
#        - Copy\EWARM\STM32F4-Discovery\Obj\stm32f4xx_hal_dac.o"
#        "C:\Users\roich\STM32Cube\Repository\STM32Cube_FW_F4_V1.27.1\Projects\STM32F4-Discovery\Templates
#        - Copy\EWARM\STM32F4-Discovery\Obj\stm32f4xx_hal_dac_ex.o"
#        "C:\Users\roich\STM32Cube\Repository\STM32Cube_FW_F4_V1.27.1\Projects\STM32F4-Discovery\Templates
#        - Copy\EWARM\STM32F4-Discovery\Obj\stm32f4xx_hal_dcmi.o"
#        "C:\Users\roich\STM32Cube\Repository\STM32Cube_FW_F4_V1.27.1\Projects\STM32F4-Discovery\Templates
#        - Copy\EWARM\STM32F4-Discovery\Obj\stm32f4xx_hal_dma.o"
#        "C:\Users\roich\STM32Cube\Repository\STM32Cube_FW_F4_V1.27.1\Projects\STM32F4-Discovery\Templates
#        - Copy\EWARM\STM32F4-Discovery\Obj\stm32f4xx_hal_dma_ex.o"
#        "C:\Users\roich\STM32Cube\Repository\STM32Cube_FW_F4_V1.27.1\Projects\STM32F4-Discovery\Templates
#        - Copy\EWARM\STM32F4-Discovery\Obj\stm32f4xx_hal_eth.o"
#        "C:\Users\roich\STM32Cube\Repository\STM32Cube_FW_F4_V1.27.1\Projects\STM32F4-Discovery\Templates
#        - Copy\EWARM\STM32F4-Discovery\Obj\stm32f4xx_hal_exti.o"
#        "C:\Users\roich\STM32Cube\Repository\STM32Cube_FW_F4_V1.27.1\Projects\STM32F4-Discovery\Templates
#        - Copy\EWARM\STM32F4-Discovery\Obj\stm32f4xx_hal_flash.o"
#        "C:\Users\roich\STM32Cube\Repository\STM32Cube_FW_F4_V1.27.1\Projects\STM32F4-Discovery\Templates
#        - Copy\EWARM\STM32F4-Discovery\Obj\stm32f4xx_hal_flash_ex.o"
#        "C:\Users\roich\STM32Cube\Repository\STM32Cube_FW_F4_V1.27.1\Projects\STM32F4-Discovery\Templates
#        - Copy\EWARM\STM32F4-Discovery\Obj\stm32f4xx_hal_gpio.o"
#        "C:\Users\roich\STM32Cube\Repository\STM32Cube_FW_F4_V1.27.1\Projects\STM32F4-Discovery\Templates
#        - Copy\EWARM\STM32F4-Discovery\Obj\stm32f4xx_hal_hcd.o"
#        "C:\Users\roich\STM32Cube\Repository\STM32Cube_FW_F4_V1.27.1\Projects\STM32F4-Discovery\Templates
#        - Copy\EWARM\STM32F4-Discovery\Obj\stm32f4xx_hal_i2c.o"
#        "C:\Users\roich\STM32Cube\Repository\STM32Cube_FW_F4_V1.27.1\Projects\STM32F4-Discovery\Templates
#        - Copy\EWARM\STM32F4-Discovery\Obj\stm32f4xx_hal_i2s.o"
#        "C:\Users\roich\STM32Cube\Repository\STM32Cube_FW_F4_V1.27.1\Projects\STM32F4-Discovery\Templates
#        - Copy\EWARM\STM32F4-Discovery\Obj\stm32f4xx_hal_i2s_ex.o"
#        "C:\Users\roich\STM32Cube\Repository\STM32Cube_FW_F4_V1.27.1\Projects\STM32F4-Discovery\Templates
#        - Copy\EWARM\STM32F4-Discovery\Obj\stm32f4xx_hal_irda.o"
#        "C:\Users\roich\STM32Cube\Repository\STM32Cube_FW_F4_V1.27.1\Projects\STM32F4-Discovery\Templates
#        - Copy\EWARM\STM32F4-Discovery\Obj\stm32f4xx_hal_iwdg.o"
#        "C:\Users\roich\STM32Cube\Repository\STM32Cube_FW_F4_V1.27.1\Projects\STM32F4-Discovery\Templates
#        - Copy\EWARM\STM32F4-Discovery\Obj\stm32f4xx_hal_msp.o"
#        "C:\Users\roich\STM32Cube\Repository\STM32Cube_FW_F4_V1.27.1\Projects\STM32F4-Discovery\Templates
#        - Copy\EWARM\STM32F4-Discovery\Obj\stm32f4xx_hal_nand.o"
#        "C:\Users\roich\STM32Cube\Repository\STM32Cube_FW_F4_V1.27.1\Projects\STM32F4-Discovery\Templates
#        - Copy\EWARM\STM32F4-Discovery\Obj\stm32f4xx_hal_nor.o"
#        "C:\Users\roich\STM32Cube\Repository\STM32Cube_FW_F4_V1.27.1\Projects\STM32F4-Discovery\Templates
#        - Copy\EWARM\STM32F4-Discovery\Obj\stm32f4xx_hal_pccard.o"
#        "C:\Users\roich\STM32Cube\Repository\STM32Cube_FW_F4_V1.27.1\Projects\STM32F4-Discovery\Templates
#        - Copy\EWARM\STM32F4-Discovery\Obj\stm32f4xx_hal_pcd.o"
#        "C:\Users\roich\STM32Cube\Repository\STM32Cube_FW_F4_V1.27.1\Projects\STM32F4-Discovery\Templates
#        - Copy\EWARM\STM32F4-Discovery\Obj\stm32f4xx_hal_pcd_ex.o"
#        "C:\Users\roich\STM32Cube\Repository\STM32Cube_FW_F4_V1.27.1\Projects\STM32F4-Discovery\Templates
#        - Copy\EWARM\STM32F4-Discovery\Obj\stm32f4xx_hal_pwr.o"
#        "C:\Users\roich\STM32Cube\Repository\STM32Cube_FW_F4_V1.27.1\Projects\STM32F4-Discovery\Templates
#        - Copy\EWARM\STM32F4-Discovery\Obj\stm32f4xx_hal_rcc.o"
#        "C:\Users\roich\STM32Cube\Repository\STM32Cube_FW_F4_V1.27.1\Projects\STM32F4-Discovery\Templates
#        - Copy\EWARM\STM32F4-Discovery\Obj\stm32f4xx_hal_rcc_ex.o"
#        "C:\Users\roich\STM32Cube\Repository\STM32Cube_FW_F4_V1.27.1\Projects\STM32F4-Discovery\Templates
#        - Copy\EWARM\STM32F4-Discovery\Obj\stm32f4xx_hal_rng.o"
#        "C:\Users\roich\STM32Cube\Repository\STM32Cube_FW_F4_V1.27.1\Projects\STM32F4-Discovery\Templates
#        - Copy\EWARM\STM32F4-Discovery\Obj\stm32f4xx_hal_rtc.o"
#        "C:\Users\roich\STM32Cube\Repository\STM32Cube_FW_F4_V1.27.1\Projects\STM32F4-Discovery\Templates
#        - Copy\EWARM\STM32F4-Discovery\Obj\stm32f4xx_hal_rtc_ex.o"
#        "C:\Users\roich\STM32Cube\Repository\STM32Cube_FW_F4_V1.27.1\Projects\STM32F4-Discovery\Templates
#        - Copy\EWARM\STM32F4-Discovery\Obj\stm32f4xx_hal_sd.o"
#        "C:\Users\roich\STM32Cube\Repository\STM32Cube_FW_F4_V1.27.1\Projects\STM32F4-Discovery\Templates
#        - Copy\EWARM\STM32F4-Discovery\Obj\stm32f4xx_hal_smartcard.o"
#        "C:\Users\roich\STM32Cube\Repository\STM32Cube_FW_F4_V1.27.1\Projects\STM32F4-Discovery\Templates
#        - Copy\EWARM\STM32F4-Discovery\Obj\stm32f4xx_hal_spi.o"
#        "C:\Users\roich\STM32Cube\Repository\STM32Cube_FW_F4_V1.27.1\Projects\STM32F4-Discovery\Templates
#        - Copy\EWARM\STM32F4-Discovery\Obj\stm32f4xx_hal_sram.o"
#        "C:\Users\roich\STM32Cube\Repository\STM32Cube_FW_F4_V1.27.1\Projects\STM32F4-Discovery\Templates
#        - Copy\EWARM\STM32F4-Discovery\Obj\stm32f4xx_hal_tim.o"
#        "C:\Users\roich\STM32Cube\Repository\STM32Cube_FW_F4_V1.27.1\Projects\STM32F4-Discovery\Templates
#        - Copy\EWARM\STM32F4-Discovery\Obj\stm32f4xx_hal_tim_ex.o"
#        "C:\Users\roich\STM32Cube\Repository\STM32Cube_FW_F4_V1.27.1\Projects\STM32F4-Discovery\Templates
#        - Copy\EWARM\STM32F4-Discovery\Obj\stm32f4xx_hal_uart.o"
#        "C:\Users\roich\STM32Cube\Repository\STM32Cube_FW_F4_V1.27.1\Projects\STM32F4-Discovery\Templates
#        - Copy\EWARM\STM32F4-Discovery\Obj\stm32f4xx_hal_usart.o"
#        "C:\Users\roich\STM32Cube\Repository\STM32Cube_FW_F4_V1.27.1\Projects\STM32F4-Discovery\Templates
#        - Copy\EWARM\STM32F4-Discovery\Obj\stm32f4xx_hal_wwdg.o"
#        "C:\Users\roich\STM32Cube\Repository\STM32Cube_FW_F4_V1.27.1\Projects\STM32F4-Discovery\Templates
#        - Copy\EWARM\STM32F4-Discovery\Obj\stm32f4xx_it.o"
#        "C:\Users\roich\STM32Cube\Repository\STM32Cube_FW_F4_V1.27.1\Projects\STM32F4-Discovery\Templates
#        - Copy\EWARM\STM32F4-Discovery\Obj\stm32f4xx_ll_fsmc.o"
#        "C:\Users\roich\STM32Cube\Repository\STM32Cube_FW_F4_V1.27.1\Projects\STM32F4-Discovery\Templates
#        - Copy\EWARM\STM32F4-Discovery\Obj\stm32f4xx_ll_sdmmc.o"
#        "C:\Users\roich\STM32Cube\Repository\STM32Cube_FW_F4_V1.27.1\Projects\STM32F4-Discovery\Templates
#        - Copy\EWARM\STM32F4-Discovery\Obj\stm32f4xx_ll_usb.o"
#        "C:\Users\roich\STM32Cube\Repository\STM32Cube_FW_F4_V1.27.1\Projects\STM32F4-Discovery\Templates
#        - Copy\EWARM\STM32F4-Discovery\Obj\system_stm32f4xx.o" --redirect
#        _Printf=_PrintfSmall --redirect _Scanf=_ScanfSmall -o
#        "C:\Users\roich\STM32Cube\Repository\STM32Cube_FW_F4_V1.27.1\Projects\STM32F4-Discovery\Templates
#        - Copy\EWARM\STM32F4-Discovery\Exe\Project.out" --map
#        "C:\Users\roich\STM32Cube\Repository\STM32Cube_FW_F4_V1.27.1\Projects\STM32F4-Discovery\Templates
#        - Copy\EWARM\STM32F4-Discovery\List\Project.map" --config
#        "C:\Users\roich\STM32Cube\Repository\STM32Cube_FW_F4_V1.27.1\Projects\STM32F4-Discovery\Templates
#        - Copy\EWARM\stm32f407xx_flash.icf" --semihosting --entry
#        __iar_program_start --vfe --text_out locale)
#
###############################################################################

*******************************************************************************
*** RUNTIME MODEL ATTRIBUTES
***

CppFlavor       = *
__SystemLibrary = DLib
__dlib_version  = 6


*******************************************************************************
*** HEAP SELECTION
***

The basic heap was selected because no calls to memory allocation
functions were found in the application outside of system library
functions, and there are calls to deallocation functions in the
application.


*******************************************************************************
*** PLACEMENT SUMMARY
***

"A0":  place at 0x08000000 { ro section .intvec };
"P1":  place in [from 0x08000000 to 0x080fffff] { ro };
define block CSTACK with size = 1K, alignment = 8 { };
define block HEAP with size = 512, alignment = 8 { };
"P2":  place in [from 0x20000000 to 0x2001ffff] {
          rw, block CSTACK, block HEAP };
initialize by copy { rw };

  Section            Kind        Address   Size  Object
  -------            ----        -------   ----  ------
"A0":                                     0x188
  .intvec            ro code  0x08000000  0x188  startup_stm32f407xx.o [1]
                            - 0x08000188  0x188

"P1":                                     0xbc0
  .text              ro code  0x08000188  0x328  stm32f4xx_hal_rcc.o [1]
  .text              ro code  0x080004b0    0xc  stm32f4xx_hal.o [1]
  .text              ro code  0x080004bc  0x22e  I64DivMod.o [6]
  .text              ro code  0x080006ec    0x2  I64DivZer.o [6]
  .text              ro code  0x080006f0  0x178  stm32f4xx_hal_rcc.o [1]
  .text              ro code  0x08000868   0x40  stm32f4xx_hal.o [1]
  .text              ro code  0x080008a8   0xb0  stm32f4xx_hal_cortex.o [1]
  .text              ro code  0x08000958   0xec  main.o [1]
  .text              ro code  0x08000a44   0x38  stm32f4xx_hal.o [1]
  .text              ro code  0x08000a7c    0x2  stm32f4xx_hal_msp.o [1]
  .text              ro code  0x08000a80   0x60  system_stm32f4xx.o [1]
  .text              ro code  0x08000ae0   0x2c  copy_init3.o [6]
  .text              ro code  0x08000b0c   0x28  data_init.o [6]
  .text              ro code  0x08000b34   0x22  fpinit_M.o [5]
  .iar.init_table    const    0x08000b58   0x14  - Linker created -
  .text              ro code  0x08000b6c   0x1e  cmain.o [6]
  .text              ro code  0x08000b8a    0x4  low_level_init.o [3]
  .text              ro code  0x08000b8e    0x4  exit.o [3]
  .text              ro code  0x08000b94    0xa  cexit.o [6]
  .text              ro code  0x08000ba0   0x14  exit.o [7]
  .text              ro code  0x08000bb4   0x14  stm32f4xx_it.o [1]
  .text              ro code  0x08000bc8   0x10  stm32f4xx_hal.o [1]
  .text              ro code  0x08000bd8   0x10  startup_stm32f407xx.o [1]
  Initializer bytes  const    0x08000be8   0x10  <for P2-1>
  .text              ro code  0x08000bf8    0xc  cstartup_M.o [6]
  .text              ro code  0x08000c04    0x4  startup_stm32f407xx.o [1]
  .text              ro code  0x08000c08    0x4  startup_stm32f407xx.o [1]
  .text              ro code  0x08000c0c    0x4  startup_stm32f407xx.o [1]
  .text              ro code  0x08000c10    0x4  startup_stm32f407xx.o [1]
  .text              ro code  0x08000c14    0x4  startup_stm32f407xx.o [1]
  .text              ro code  0x08000c18    0x4  startup_stm32f407xx.o [1]
  .text              ro code  0x08000c1c    0x4  startup_stm32f407xx.o [1]
  .text              ro code  0x08000c20    0x4  startup_stm32f407xx.o [1]
  .text              ro code  0x08000c24    0x4  startup_stm32f407xx.o [1]
  .text              ro code  0x08000c28    0x4  startup_stm32f407xx.o [1]
  .text              ro code  0x08000c2c    0x4  startup_stm32f407xx.o [1]
  .text              ro code  0x08000c30    0x4  startup_stm32f407xx.o [1]
  .text              ro code  0x08000c34    0x4  startup_stm32f407xx.o [1]
  .text              ro code  0x08000c38    0x4  startup_stm32f407xx.o [1]
  .text              ro code  0x08000c3c    0x4  startup_stm32f407xx.o [1]
  .text              ro code  0x08000c40    0x4  startup_stm32f407xx.o [1]
  .text              ro code  0x08000c44    0x4  startup_stm32f407xx.o [1]
  .text              ro code  0x08000c48    0x4  startup_stm32f407xx.o [1]
  .text              ro code  0x08000c4c    0x4  startup_stm32f407xx.o [1]
  .text              ro code  0x08000c50    0x4  startup_stm32f407xx.o [1]
  .text              ro code  0x08000c54    0x4  startup_stm32f407xx.o [1]
  .text              ro code  0x08000c58    0x4  startup_stm32f407xx.o [1]
  .text              ro code  0x08000c5c    0x4  startup_stm32f407xx.o [1]
  .text              ro code  0x08000c60    0x4  startup_stm32f407xx.o [1]
  .text              ro code  0x08000c64    0x4  startup_stm32f407xx.o [1]
  .text              ro code  0x08000c68    0x4  startup_stm32f407xx.o [1]
  .text              ro code  0x08000c6c    0x4  startup_stm32f407xx.o [1]
  .text              ro code  0x08000c70    0x4  startup_stm32f407xx.o [1]
  .text              ro code  0x08000c74    0x4  startup_stm32f407xx.o [1]
  .text              ro code  0x08000c78    0x4  startup_stm32f407xx.o [1]
  .text              ro code  0x08000c7c    0x4  startup_stm32f407xx.o [1]
  .text              ro code  0x08000c80    0x4  startup_stm32f407xx.o [1]
  .text              ro code  0x08000c84    0x4  startup_stm32f407xx.o [1]
  .text              ro code  0x08000c88    0x4  startup_stm32f407xx.o [1]
  .text              ro code  0x08000c8c    0x4  startup_stm32f407xx.o [1]
  .text              ro code  0x08000c90    0x4  startup_stm32f407xx.o [1]
  .text              ro code  0x08000c94    0x4  startup_stm32f407xx.o [1]
  .text              ro code  0x08000c98    0x4  startup_stm32f407xx.o [1]
  .text              ro code  0x08000c9c    0x4  startup_stm32f407xx.o [1]
  .text              ro code  0x08000ca0    0x4  startup_stm32f407xx.o [1]
  .text              ro code  0x08000ca4    0x4  startup_stm32f407xx.o [1]
  .text              ro code  0x08000ca8    0x4  startup_stm32f407xx.o [1]
  .text              ro code  0x08000cac    0x4  startup_stm32f407xx.o [1]
  .text              ro code  0x08000cb0    0x4  startup_stm32f407xx.o [1]
  .text              ro code  0x08000cb4    0x4  startup_stm32f407xx.o [1]
  .text              ro code  0x08000cb8    0x4  startup_stm32f407xx.o [1]
  .text              ro code  0x08000cbc    0x4  startup_stm32f407xx.o [1]
  .text              ro code  0x08000cc0    0x4  startup_stm32f407xx.o [1]
  .text              ro code  0x08000cc4    0x4  startup_stm32f407xx.o [1]
  .text              ro code  0x08000cc8    0x4  startup_stm32f407xx.o [1]
  .text              ro code  0x08000ccc    0x4  startup_stm32f407xx.o [1]
  .text              ro code  0x08000cd0    0x4  startup_stm32f407xx.o [1]
  .text              ro code  0x08000cd4    0x4  startup_stm32f407xx.o [1]
  .text              ro code  0x08000cd8    0x4  startup_stm32f407xx.o [1]
  .text              ro code  0x08000cdc    0x4  startup_stm32f407xx.o [1]
  .text              ro code  0x08000ce0    0x4  startup_stm32f407xx.o [1]
  .text              ro code  0x08000ce4    0x4  startup_stm32f407xx.o [1]
  .text              ro code  0x08000ce8    0x4  startup_stm32f407xx.o [1]
  .text              ro code  0x08000cec    0x4  startup_stm32f407xx.o [1]
  .text              ro code  0x08000cf0    0x4  startup_stm32f407xx.o [1]
  .text              ro code  0x08000cf4    0x4  startup_stm32f407xx.o [1]
  .text              ro code  0x08000cf8    0x4  startup_stm32f407xx.o [1]
  .text              ro code  0x08000cfc    0x4  startup_stm32f407xx.o [1]
  .text              ro code  0x08000d00    0x4  startup_stm32f407xx.o [1]
  .text              ro code  0x08000d04    0x4  startup_stm32f407xx.o [1]
  .text              ro code  0x08000d08    0x4  startup_stm32f407xx.o [1]
  .text              ro code  0x08000d0c    0x4  startup_stm32f407xx.o [1]
  .text              ro code  0x08000d10    0x4  startup_stm32f407xx.o [1]
  .text              ro code  0x08000d14    0x4  startup_stm32f407xx.o [1]
  .text              ro code  0x08000d18    0x4  startup_stm32f407xx.o [1]
  .text              ro code  0x08000d1c    0x4  startup_stm32f407xx.o [1]
  .text              ro code  0x08000d20    0x4  startup_stm32f407xx.o [1]
  .text              ro code  0x08000d24    0x4  startup_stm32f407xx.o [1]
  .text              ro code  0x08000d28    0x4  startup_stm32f407xx.o [1]
  .text              ro code  0x08000d2c    0x4  startup_stm32f407xx.o [1]
  .text              ro code  0x08000d30    0x4  startup_stm32f407xx.o [1]
  .text              ro code  0x08000d34    0x4  startup_stm32f407xx.o [1]
  .text              ro code  0x08000d38    0x4  startup_stm32f407xx.o [1]
  .text              ro code  0x08000d3c    0x4  startup_stm32f407xx.o [1]
  .text              ro code  0x08000d40    0x4  startup_stm32f407xx.o [1]
  .text              ro code  0x08000d44    0x4  startup_stm32f407xx.o [1]
  .rodata            const    0x08000d48    0x0  copy_init3.o [6]
                            - 0x08000d48  0xbc0

"P2", part 1 of 2:                         0x10
  P2-1                        0x20000000   0x10  <Init block>
    .data            inited   0x20000000    0xc  stm32f4xx_hal.o [1]
    .data            inited   0x2000000c    0x4  system_stm32f4xx.o [1]
                            - 0x20000010   0x10

"P2", part 2 of 2:                        0x400
  CSTACK                      0x20000010  0x400  <Block>
    CSTACK           uninit   0x20000010  0x400  <Block tail>
                            - 0x20000410  0x400


*******************************************************************************
*** INIT TABLE
***

          Address     Size
          -------     ----
Copy (__iar_copy_init3)
    1 source range, total size 0x10:
          0x08000be8  0x10
    1 destination range, total size 0x10:
          0x20000000  0x10



*******************************************************************************
*** MODULE SUMMARY
***

    Module                  ro code  ro data  rw data
    ------                  -------  -------  -------
C:\Users\roich\STM32Cube\Repository\STM32Cube_FW_F4_V1.27.1\Projects\STM32F4-Discovery\Templates - Copy\EWARM\STM32F4-Discovery\Obj: [1]
    main.o                      236
    startup_stm32f407xx.o       732
    stm32f4xx_hal.o             148       12       12
    stm32f4xx_hal_cortex.o      176
    stm32f4xx_hal_msp.o           2
    stm32f4xx_hal_rcc.o       1 184
    stm32f4xx_it.o               20
    system_stm32f4xx.o           96        4        4
    -------------------------------------------------
    Total:                    2 594       16       16

command line: [2]
    -------------------------------------------------
    Total:

dl7M_tln.a: [3]
    exit.o                        4
    low_level_init.o              4
    -------------------------------------------------
    Total:                        8

libPDMFilter_CM4_IAR_wc32.a: [4]
    -------------------------------------------------
    Total:

m7M_tls.a: [5]
    fpinit_M.o                   34
    -------------------------------------------------
    Total:                       34

rt7M_tl.a: [6]
    I64DivMod.o                 558
    I64DivZer.o                   2
    cexit.o                      10
    cmain.o                      30
    copy_init3.o                 44
    cstartup_M.o                 12
    data_init.o                  40
    -------------------------------------------------
    Total:                      696

shb_l.a: [7]
    exit.o                       20
    -------------------------------------------------
    Total:                       20

    Gaps                         10        2
    Linker created                        20    1 024
-----------------------------------------------------
    Grand Total:              3 362       38    1 040


*******************************************************************************
*** ENTRY LIST
***

Entry                      Address   Size  Type      Object
-----                      -------   ----  ----      ------
.iar.init_table$$Base   0x08000b58          --   Gb  - Linker created -
.iar.init_table$$Limit  0x08000b6c          --   Gb  - Linker created -
?main                   0x08000b6d         Code  Gb  cmain.o [6]
AHBPrescTable           0x08000ad0   0x10  Data  Gb  system_stm32f4xx.o [1]
BusFault_Handler        0x08000bbb    0x2  Code  Gb  stm32f4xx_it.o [1]
CSTACK$$Base            0x20000010          --   Gb  - Linker created -
CSTACK$$Limit           0x20000410          --   Gb  - Linker created -
DebugMon_Handler        0x08000bc1    0x2  Code  Gb  stm32f4xx_it.o [1]
HAL_GetREVID            0x08000a6d    0x8  Code  Gb  stm32f4xx_hal.o [1]
HAL_GetTick             0x080004b1    0xc  Code  Wk  stm32f4xx_hal.o [1]
HAL_IncTick             0x08000bc9   0x10  Code  Wk  stm32f4xx_hal.o [1]
HAL_Init                0x08000a45   0x28  Code  Gb  stm32f4xx_hal.o [1]
HAL_InitTick            0x08000869   0x40  Code  Wk  stm32f4xx_hal.o [1]
HAL_MspInit             0x08000a7d    0x2  Code  Gb  stm32f4xx_hal_msp.o [1]
HAL_NVIC_SetPriority    0x080008e1   0x3a  Code  Gb  stm32f4xx_hal_cortex.o [1]
HAL_NVIC_SetPriorityGrouping
                        0x080008c7   0x1a  Code  Gb  stm32f4xx_hal_cortex.o [1]
HAL_RCC_ClockConfig     0x080006f1  0x100  Code  Gb  stm32f4xx_hal_rcc.o [1]
HAL_RCC_OscConfig       0x08000189  0x328  Code  Wk  stm32f4xx_hal_rcc.o [1]
HAL_SYSTICK_Config      0x0800091b   0x28  Code  Gb  stm32f4xx_hal_cortex.o [1]
HardFault_Handler       0x08000bb7    0x2  Code  Gb  stm32f4xx_it.o [1]
MemManage_Handler       0x08000bb9    0x2  Code  Gb  stm32f4xx_it.o [1]
NMI_Handler             0x08000bb5    0x2  Code  Gb  stm32f4xx_it.o [1]
PendSV_Handler          0x08000bc3    0x2  Code  Gb  stm32f4xx_it.o [1]
Region$$Table$$Base     0x08000b58          --   Gb  - Linker created -
Region$$Table$$Limit    0x08000b6c          --   Gb  - Linker created -
SVC_Handler             0x08000bbf    0x2  Code  Gb  stm32f4xx_it.o [1]
SysTick_Handler         0x08000bc5    0x4  Code  Gb  stm32f4xx_it.o [1]
SystemCoreClock         0x2000000c    0x4  Data  Gb  system_stm32f4xx.o [1]
SystemInit              0x08000a81   0x3a  Code  Gb  system_stm32f4xx.o [1]
UsageFault_Handler      0x08000bbd    0x2  Code  Gb  stm32f4xx_it.o [1]
__NVIC_SetPriority      0x080008a9   0x1e  Code  Lc  stm32f4xx_hal_cortex.o [1]
__aeabi_ldiv0           0x080006ed         Code  Gb  I64DivZer.o [6]
__aeabi_uldivmod        0x080004bd         Code  Gb  I64DivMod.o [6]
__cmain                 0x08000b6d         Code  Gb  cmain.o [6]
__exit                  0x08000ba1   0x14  Code  Gb  exit.o [7]
__iar_copy_init3        0x08000ae1   0x2c  Code  Gb  copy_init3.o [6]
__iar_data_init3        0x08000b0d   0x28  Code  Gb  data_init.o [6]
__iar_init_vfp          0x08000b35         Code  Gb  fpinit_M.o [5]
__iar_program_start     0x08000bf9         Code  Gb  cstartup_M.o [6]
__iar_systems$$module {Abs}
                        0x00000001         Data  Gb  command line/config [2]
__low_level_init        0x08000b8b    0x4  Code  Gb  low_level_init.o [3]
__vector_table          0x08000000         Data  Gb  startup_stm32f407xx.o [1]
_call_main              0x08000b79         Code  Gb  cmain.o [6]
_exit                   0x08000b95         Code  Gb  cexit.o [6]
_main                   0x08000b87         Code  Gb  cmain.o [6]
exit                    0x08000b8f    0x4  Code  Gb  exit.o [3]
main                    0x08000959   0xec  Code  Gb  main.o [1]
uwTick                  0x20000004    0x4  Data  Gb  stm32f4xx_hal.o [1]
uwTickFreq              0x20000000    0x1  Data  Gb  stm32f4xx_hal.o [1]
uwTickPrio              0x20000008    0x4  Data  Gb  stm32f4xx_hal.o [1]


[1] = C:\Users\roich\STM32Cube\Repository\STM32Cube_FW_F4_V1.27.1\Projects\STM32F4-Discovery\Templates - Copy\EWARM\STM32F4-Discovery\Obj
[2] = command line
[3] = dl7M_tln.a
[4] = libPDMFilter_CM4_IAR_wc32.a
[5] = m7M_tls.a
[6] = rt7M_tl.a
[7] = shb_l.a

  3 362 bytes of readonly  code memory
     38 bytes of readonly  data memory
  1 040 bytes of readwrite data memory

Errors: none
Warnings: none
